GSSSSSSSbSSSSWGSSSbWWbWSWWWSSWSWWSWWSWSSbSSSSSbbGSGGG·····s·······c···GGSGGbbBGSGGWSbpbGRbGSSSWbGSSSbWbGGsSGsGSWbbWbWSGb··bsGGGGGSSpSSGspppp··························Gu·GGGSSSGGSGGSGSSSGSSSSSGSGSSSSSSSSbSSGSSSGb·GGSbGsp·bWpS··GS··p····ds·G·pb·GG···G·····osssbbSGbSSWGGSSSSSSGSSSSSWSSSWSSSSSbSbSbSSSSS
bSSSSSbSSSSSWSSGSb·GWSSWSSWGWSWSSSSWSWSSSSSSbSbSSSGSSSG·S·p········c·SbSGbuGb·WGSGpSo··pGSpuGSGGGbGGpSbp·GGpGbSSbbG·SSbBGGGGGsSGSGSSsSSGpGG··sGcso····GoG··S·Gopo··osp·GGGSGSSGGSSSGSpGGSSSSGSGGSGSbSSSSSGSGGGSbGSpG·pb···B·o·Rb···b·S·o·······G··············bWbGbSSSSSSSSWWSSWSSSSSWSSWSSSSSSSSWSSSSSSSbSS
SSSpSSSbSGSSSSSSSSSSSSWSSSSWWSSSWWSWSWSSSSSSSbSSbGbpSSsG···················sb··G·bSsbGW·SsSWGupGb·GWG·pu·SsGGsSGp·GGp·sW·GSGGGGSSSGSSSSbSSsSGG·pS·bsGGG·oo·oGGGsGGGGSGSSGGGSGGGGGGSGSGSSSpGGGGSGS·GsSbbSGGGSpSSSGpp···pb·····SbSssSp···························SRsGbGSSWGGSSSSbSSSSWSWWSSSSSSSSSSSSSSWSSSbbS
SSWSGGSSSSSSSSSSWSWWSSSSSSSSWWSSSSWWSWWWbbbbbsWGGSSGGppbG·p····c····SWGpbWWWWWbG··SSbsSWSSG·GpspsG·bGG·GpSsSWW··GGGGpbGSSSSSGGbSGSGGSSSSSSGGGSSSGGGGGSGGpGGGGSSGGSSSGSGSGSGGGGSSGGSGSSGbGGSpGSWSSSSGbbpSSGSbSGWSSSSbppppSppG·GSGpspSppp······················b·eSWpSbSSSSSSSWSSSSSSSWSSWWSSWSSSSSSSSSSSSSSbS
SSSSSSSGSSWSWSWWSWSWWSbSWWSWSSWSSbWSSSSSSSSGGSGSWSSGpSGGGppSGG·····o·SobGW·WsWp·sps··GbpSSSSpGp·S·SpGpb··Ssb·GSSpSGGSSSSSGGSSSSSSSb·GWSbGSpSSSSGSppGSSSSGSSGGGGSSGGGGGGGSGGSGSSGSGGGGGSGSGWWGSGGWSSSbSWbSSGSGWsdSbbGGbSSGSpb·SGGSSWbbS··s················Rs······GSSSpSGbSSSSWGSSSSSWWSWSWSWGSSSSSSSSSWSSSSS
SSSSSSbGSSSWSWSSWWWWWSWSbSbSGGSWSSSbSSSbSSSSbSSGGGSGGSSGSGSpGpGG·pop··GSGWSW·bpsb··Wb·GW·bSbS·p·bp·WS·sSW·WSWSGWWGSSGGSSSGGSSbSSSbG·pGSSSSGSSSGGSSSSSSGSSGSSSSGGSGSGGGSGGSGGGGSGGGGGGGs·bbSSpSGSGpGSSSsGSSSpbSbSSSGSGSWbbSSGssGSS··Gpb··spSu·····pSWs·pp·pbpppS·sSRSbSbSSSSbSSSSWWSWWWSSWWSbWSWWSSSSSSSSSSSS
SSSSSSWSSSWWWWWSWWWSSSSSSSWSGSWSSSGbGSGGSGGSSSGSGSSGSSSGSGSSSSGGGGGGGG·····GG·G··bSSG···SGGsGGGSp·spsGGSWS·SpSb·SGGbGb·GGpWGGGGGGpSSGGSSSGGGGGSGSSSSSGSSGGSSSGGGSSSSGGGGGGGGGGGGGGGSGGGsSGGSbGSSWGbSSWpSbSSGGGGSSSppsGWGbGGbGGSSSGsS····Wb·p·········RGcWSbSSSbsbGWdG·pSbSSSbSSSSSSWSSSSSWWSSSWSSSSSSWSSSSSS
SSSSSSSWWSWSSWWWSSSSbSSSSGpGbSGSSGSSSSGSbSSSSSbSSSSSSbSSSSSSSSbSSGGGSGGGGGG·G··p··SpSG··pWG···s·GbG·b·Gb··G·oGGGGGboGs·sGSGGSGSSSGGpSGGSSSSSSSpSSSbSGSGGGGSSSSSbSSSGGSpGbGGSGG·bbG····p·SGWSSGGSsSSbSGbSGGbSGSGSSGSSGssbpGGSSbSSGBG·bGbs······G··p·sbS·GGbGSbSsbbbSGsGSWGWSSSGSWWSWSSSWSSWWWSSSSSSWWSSSSSbSS
bSSWSSWSGWWSSSWbSbSbSbSSSSSSSbSSSSGSSpSSSSSSSSpSSSSGSGSSbbSSSSSGSSGSGGsGGG···GGGspo·GSb·sWWb····b·s······GbpSSSSS·ppS·GSGGGSSGSSSSSSSSSSSSWbSSGSSSSSSSSSSSSSSSGSbGGGSGGGGGSGGGp········GGGGSGSSSGG·SSGSpGGspGGGGGSGGSGGbbSWGSSGSSSSb·pp·sp·s···b·sG···G····c·GGb·G·S·bGGSbGSGSSSWSSWWSSSSSSWSSSSSWSSWSbSWSbS
GSWWSSSSbSWSWWSSWSSGbSGGSSSSSSSbSSGGGSSSSGSSGGGGSGSSSSSbSSSSGSGGGGGGGGGGGGSG·GGGpGG·S·pGSGp···········s······pSGGGGGGGSGGSbSSSSSSSbSSSSSSSSSSSpSSSbGGGSGGGGGSSGSSGGSGbGGbG············G···SpGpSGGGS·sGGGSbGGG·pso····b···sSSSbb····p·······Ss···u···sp·p·ss··GsGSsSGGGGSWbWbSSSSSGSWSSWbSSSSSSSSSSSSSGSSSSGb
SSWWSWSSSSSSSSSSSWbSSbSSGpSGGGbpSSGSSGGSGGbSGGGSSGbGGbSGGGGGGGGGGSSGSSGGGS····uSGGbpG·b·GSpG···G·G··G·o·G·oGSGGGSSSGSSGGSSSSSGSSSSSSbSSSSSSSGSGpGGGGGGGGbSSGGsbGSGbWGGp···p··············bGspG·GSb···GGGGSGGbGGSGopp······b·bb·c············S·bppSu·····G·bp·bSSsGSGGSSSSSSSSSSbSGSSWSSSWSSSSWSSSWSbSSSWSSSS
SWSWSWbSbSSSSSGbGWSGGbSGbSGGGSGSSGGsGSGGGGGGGGbSGGGGG·G·SbGGGGbG·GGGGGGGpb·b·b·bGWGbGSG·SSGG··GpGp·SSsG·p·G·GSSSSSGSGSSSSSGSSSSGSWWSbSGGGSpSSSbSGSppGG··GGpGsGGGSGGbobb···········c······s·G·G·GGbS·b·b·o····Gd···b·····o··S·················qGbSbS··SSGS·ppG··oGSGGGGSSSSGSSSSSSSSSSSbSSSSSSSSSSSWSSSSSWSSS
SSSSSSSbSWSSSSSbSSbGSSGGGGGSGGGGGGGGpGGbGGGGGGG·SG····S······p·G··GSbGGbbS·sSppSSSbGGpSGSpSGGSSSpSSSSSGSGSGpSSbGSSSSSSbSSSSSSGbSWSpSSGGpGGGGSGG·SGSGGp···bG··uGsGGbG··G··················SW·pG··G·G·sp·········b···························GsSbSbSSWSSSSSSbpSsGSGSSSSSWbSSSWbSSSSbSSSSSSWSSSSSSWSSSWSWSbbSSS
SSSbSSbSSSSGGSGGGSGSGGGGGSbS·G·GSG·o·S··b··s·GG·····Sp··ssp···G······SoGp·GGGGGGSSSSSSSGGSSGSSSSGSGSGGSSGSSSSbGSbSSSSSbSSbSSSSSSbbbGSWbGSSGSSSGSpWSb·Go·············s·································································pSSsu··sGWSSSSSSSGSSbBpWG·GGGbGGbWGGSSSSSSSSSWWSWWSSSSSSSSSSSGSWbWSSSS
SSSSSGGSGSGGbSGGGGGGGGGG·b···o···········GsSSSGbsSpSbSGbSs·sspSG·········oSGGbSGGSSGGGGSSGSSGSSGSGGGSGGGGSSSbSSSGSSSSGSSSSSSSSSbSSSbWSSSWWSSbbSbGsSspspSWSbp···························································oqSSpp·pG····sspssSSSbSSbGSSSSSSbWGSGWbG·p·SWs·GSGGGbbGSSbSSSSSSSSSSGSbWSWSbWSGSSSSGW
bGGbSGbGbSGSbSSGGGGGGSGo··············pSpSSGGGGWSSSWbWGSSGWbGSbbbs·o···o····GpsSGGSGGSSGGSGSGSSSGbGGGSGGSGSGGSSsSSSGGSGSSGGSSSWSSWSSbGSSSSWSGSGSbSSSSSbpSbGSSp························································dGGSGbpSSpb···o·SSWSSSSGGGSSSGSGbGSSGSWWSRWbGs·SS·GGWGGWbWSSSSbSSSSWGGGSSGSSbRSWGSWGWW
WpSppSGGSGGGGGGGGG·····p·········GsbbGGGbWSSSSSSSGWpSWSbbSSSWWbSGSb······ooGGGSGGGGGGGSSSGGGSGSSSSSSbSSGSSSbSSSSSSbSSSGSbSSSSbSSSSSbbbGSSSSSSSSSSWSWSWSWSSSSWpp·G··p··························p······················SS·GG··GSpssSSsSGSpGWSGSSGSbSSSSSSbGSGGSSSWSGSSSbSpSWsGSSGSWSSSSSbSGSSSGGSSGSGSGbSSSSSS
SSSSGGSSSpsSpGGGGGG·············GpSWSsbbGSSGSSSSGSSSsSSWSSSSSGWSGs·······GSp·GGGsSSSSSGGbGbSSSSSSSSSSSbbbSSSGSSSSSSSSGSbSSSbGbbsSSSGSSWSSSbsSWSSWSGWSGSWSSbsdbbSdu··p·p·s···························o·················sb·SSGsSGpGSGSbGsbGbSbbbGGSGWSbbSSSSbWbSbSSGWSGSSSb·GRGGsGbGGSWWGSGGssGSSSbSSWSSSSGSSW
SSSSspGSSSSSSSGGGp·GG············bGsGp·GSSbSGGRWSSSSSSSSbGGWSWSSppSbS···oGSpSSGGGSSSSSbGSSSGSGSSSSSbSSSSSGSbSSSSWGSSSbbSGSSSbSSSGSWWSSWSSbbWbsSbSSbSSWsSsWSSSGbSSbSGSSGGGp································pp···oGpppGGGb·GSGGSSSGGSGRGSWGSSGSWSGGGGsSbGSSbSbSqsSWSpbSSWSWSGWG·bWspSbWSGGSb·GSGSsSWWSGWbppbSG
SpbSGGGSGSSGSGGoSS··············SppSGGbGGGSSSSGsGppGSSWWSSGbGSWSSWWWWb··GGGGGSSSSSGSbGSsGSSGGSGSGbSSSbGGGSSSGSSGGGSWGWSbGGSGGGGSSSSWSbSSSSSGSbSSbWGbSSSSSbpGpGGGGSSGGGGGGbGp·························Sp·pp··G··pSGpp·sbp·GGSSGGGbSSbRSSGbSpGSSSSGSWSSSGGSSWsSbSSGbbGSSGSSSSSppGSoGbbG·sG·p·GSSWGSWSWSSbSWbbS
SSbSGGGb···G···················bSbb·sSbSSSGSGSGGSbSSSSWGSpSWGGSWGbdW·····S·GsGSbSSSWSSSWSGSSGSSSSWSSGSGbSSpSSGGSSGGSpsGGSSGSSGbSSSSbSSbWSSWbqSWbSSbGbSbGbpGSbSsSGGpSGSGSbbu···························S··b·s·oG·GGGGSGbGpGG·GGGRdGGGssSbGssGSbSGSGSGbSSbsbGSSSbSSSGSSSSSSSSSWS·p·G·GG··G·BGSSSGSWSWWWSSSSSWG
GGSGpbo·po·······p·p·········G·····SGpsSSGG·sSGSbbSSSSbWGGSGSGGppp·SSb···SSSbWSSSWSSWSGbbGSGGSbSSSSSGbGSGbGSG·GbGbGSbpSsGSWSSWbsGSbSSSSSSSSWGsSGSGGbsGWSGSGGSSSpppSGGGpGbG·SW··························s··s·Sp····os·GGG·SpoSGpGSGGWbWpSpbWGSGSbbGWSWSpbSsSbGGSGSWSSSbGGGWb···G···S··S·GGSSSSbSSdbWWSSGSWSSW
S··············GSSb···········S·Wu···GGGWbGSSbSS·Wbbb·BSbSbWGWWud·······GWSGsSSSSSGWSbbSSsGbpWSSSSSpSGGGG·G·GGbGbSGpWGWSSGSbGSSSGbSSSSsGSbpSSSGWSSSWSGSsGSGpWSSSbRpbSpGGGSpsbG·········G···········up·····pG···o·····GGG·sGGGGSSGGSSGpSSbSSGGsGbpGSbGSSSSpSGSSSSGSSSGSSSbb·b····G·····p·SGSSGSSSWSWWbSSWWWSS
············SGSSGb·uG·······p··d·G·····b···bW··b····W····SbobuqS······qGSSSSSbGSWpSWbbGGSGppSGGbGsSWbGS··p····p····sGpGSSb·bGGsSSSGSSSsSGbSGbspSsdSWSGSGbGpsGWSbbspsGGS·pb·sp······················o··u··GGGGo···c····GGGGG···SsbG·oGSGSbG·GGGbGbSSSGSbGSGWSGbSSSSGSSSbGSGSps··p··G·····pGWGSGWbSSSSSbSSSSWS
GS···sSSbSGSbSSGWo··bbbs·············s····p·SS·pSGGsbGp····b·S····oGGoGSbGSSbSSSbSSSbGGSbbGSbbSSGSSbWbp····u·······SSGSG·GbWGbSSsSSGGGsGSSGbsSSbSpWWWSbSbGGSSWpb·WGGGbGSp·o·b··························o···e··sS·b···c·······o·SG·GGbGSpSGSSpsG·SsbGbSGSGSSSSSSSGGbSbbSbWbSp·W·····p··G···GbpSWSWWSSSWSSSGSS
······SbGSWGSG·b···b·W·u········G·································pG·bSGSGSGbGsbbGSSSSbGSWSSSsbGbbWsGbbG·············d······bSGsbWb·WWSWSbGSSSSSSbWSSSGbss····W·sbGGWWWb································S····G·bG·······G·G·GGb·pSWoGSGsbpSSGSbGGSGpSSGSGGSpSpSSSSGSWGGbbWWbqS·b·S······p·dSGSSWGSWSSGWWSWGS
······SSsSSsGS·pSpb·pp·········································o·G··bGGSpGbSSGWSSbSGbWSSSSSGGGSGpsssssWSp··············G····bpSSWbGS···SbWWb··bWSWbGGSbWs··G···G·SSbod··pp······························G···G···············sp····GG·GGG··GWSpGGpSpGGSSSbSSSbWSGbsSSGsSGSSSSWWSop····G···RSbbWSSbSGGSSSGSSSS
p·····sSSSGGGSSGb····qpG··c·······p·················oGpc·SoG·GsGGpG······GbGSbSSGGpWSGGSGSSbSGGbGGGGbSb··s············G····s····················b········GG··p······bG···p·························bb·············p···S·······s····GbG·GG·SGG·SSGbpSbSGbbGSbpbWGGbpGSGpSGGGSGG··sS·····puu·ppGsSGGSGWSbSSbSS
G··cSGb···SGGSGb·GbueG············o·GG·o···o·o·oo··ppGoGSGGGSGGGGGpGG··ppsGWpSGG·sGSpSGGsbSWGGbps····co········psp·················pec·····b·pe·bb···········SS················ps··········································b·psp··········S···bG·GGSSGGspG·bqppsGWWSGGbSSGSbSWG·o··········p·SsqWSSSWbSbWSSS
pSpo·······G·bG·················o··G···Go·GGGSGGsGGGGGGGGGGGSGpGGG······b·R·R··u·GSGGSSGSbGGGGGbb·SpWG·c·Sc··op··············p··p······sp··b·osp·····S·es················sGGoo··SGoG····c·············GpG··················W·····S······opG·GG··GbopoGGSb·bbbGbSG·WWSSGGSSpWSSbspGpp···pbep····SbSbb·G·GeSbG
GGpG·Gpo··················op····Go··SGGGGGSGSGSSSSSGSSSSGGGGGGGGb···oG·oGssSbp··SbSSSGGGS·pGR····G··sS·················sppsbGoSSSSSGp······························p···pG·GoSG·s···G··G·o··············Gs······c····················p·WGb·pGbGbsSpGGG·GGGSGGGGGSb·GbpGbbGSsSSSSSSppo··p·s·sp·SbGp··WSubSSWWW
GGGGGG·ppoSp·o·····pp·····GGGGGGoGGGGGGGGGGGSGGGGGSSGGGGGGGGGG·GGp·············s·Sb·WSpSsSbGpbWsG·····G··········p··ppppSbGbSSSSSSWWp···························opGs·pGSpGGGGbSGSGGSpG·Go·······················pG·p·s·pG····b··c·o···pS·G····bG·o·p··bGGSGSpGpsG·GSGSGGGSSSbSSSGbb····R·G··W·Gp··G·SSSb·W··
GGGGGpG·GGoGpGGo··SSGGGSSGGGGGGGGGGGGGGGGGGGGSSGSSGSGGSGSGGSGSGGGo··········pp··G·b·b····S·W·bS···spp·····c··oGG·GpSGGGGSWp·SWSSSSWSbbG·So·s········oG·G·····GSpGGpGGGGSSpGGGGGGGGGS···························ppS···b·s··po·b····c·B·b··········bs·GS···sS·ouS·GGppsSbSpbGSGGWGWGo···GpS···oS·Gp··SWb······
SGbGGGsoGGGGG·G······GGGGGGGGGGGGGGGGGGGGGSGSGSGGGSGGSGSGGGGGGGGGG········Go··Gb··cp··p··GsGpp········o··opGpSGGGGSGGGSSbbWSWWSbGSSSGSGGGpGp·sSpsGGSSG··GGGGSGGGGGGGGSSGGGGGGGG···G······································W···GWS···Gc···········S·GbS·b······SbpSGSGGSSbGoGGGbpWWS·········pG·····oS·bpb·ppS
GGGoG·GGG···············G··GGGGGGGGGGGGGGGGGGGGSGGGGGGGGGGGGSGGGGGo·o···········SG·····GSS····pSGSb····GGsGGGGsSGSGGGSGbSSSWSWbSSSSSGGGSSSGbSpSSSpSGGSSSGGSGGSSGSGSGSGSGSGGGG············································So··············ssS······b·u········c·GbSGGSSGqG·SSb·GSb···········p·bS·····GpW··cp
··········uc···················SG·GGGGGGGGGGGSGGGGSSSGGGGSSGGGGGSGGGG··G·c····o··········spp·····b·G··oGsGGG·GGGGSGGGSSSbWSSSbSSGSbSGSGbGGGSSSSGGSSSSSbSGSSGSSGSSGGSSGSGGGGGG··o····GppSSopo·o······················o··························obGp·s··b·······p··S·GsGSGbGGp·bbb·············G·SG·····p····
·····ps·SsGsGGSpSSSpGGG··········S·GGGG·GGGGGSGGSGGSGGGGGGGGGbGGGGSG····oGp········s··s·c···Gb··Gs·p·GGGGpGGpGspGGGG·pSGbSSbGGSSGGGSGGGSSpGSSGSSSSSGGSSbSSSSGGGGGSGGSGGGGGGGpG······bsG·pSbS··········································p········SWS········b···qGGbGGp···GuGSb············G·c·······ppb······
····GSGoo·G·GGGGGSSbGpGqpG·············oSGSGGGoGGSGGGGGoGGGGSGSSSGGGSp·GGGGpopoGp·po·s·ossGooooGGGGsGGSGSSSSGGGGGSSGGGGGSsSGGGGGsSGSGSGGSSSGSSSSSSSSSGSGSGGSGSSSSSGGGSGGGGG·pG······oGsSSpbSGppp·G······························o·o················p········p··········Wp·G····b·········o···o·············u
ppp·GGpSpppS··GGupGSSGSG·spG·············oGGGGGGGGGSGoGGGGSGSGGGGGGGGG·········Go··G··oGGoGGGSGSGSGGGSGGGSGSGSSSSSGGGGGGGGGGGGSSGGSGSSSGGSSSSSSSGSGGGGSSGGGSSSSSSSGGGGGGGGGo······uSGGGGGbp·GGSbp··················G········o·c···o····p·······oG··p·bb····ps·Gbo··c··WG·pSW·Wbqp·G····G·s·p················
bGSSSSSGGSGGSGGbGGGGGGGpSs·Go·······p··G·SSSGGGGGGGG·pSGGGGSG··GbGG·····················G·GGGGGGGGSGSGGGSSGSSGSSSSGSGGGGGsGoG·GGp·GGGSSGGSSGGGGGGSGGGGGGGGGGGsSGGGGGGGSp··········o·GbGWGGSGGWGGsppW··u··G··················GG·GoG···········sp····s···········WW·····SW··psGSSGG···S·p·b········o·o····S···
GWGpSbGSGSSGGb·Gp·S·sSGGSGsS··S······sG·SGGGGGG·p···o··Wb················sG··········cG··GGGS·GGGGGGGGGSGSSSSSSSGGGGGGGS··oGGGGGspGGGGSGGGSGSG·GGGb··G···GGGGGGSSGGGGGGb·b······sS··GG··GGbGGbGSGGGSp····p··········G·········GG····p··G······b·G·sos·ppp·····SSS···WWGbS·····················sGpSsSbWWqsssG
SGppbGbGGGSGGbpbGS·buSbpSGGWsb······GGGGSpb·GGWSG·G·GGGGSG·······Go······SSGp··········o·······GGGGGGGGGGGGGGGGSSGGGSG·o·····SppSG····cGGGGSGsp···GbG········Gb·GG··G···········pSpGs·Sb···b·GSWGbS·SpsbS·b··opS·····sG···G·······So···c······p·oGGbsGS·Gep······oG·pGG··c··o·····RG··p·······GS··SWSSS·GpSs
p·pSpbGGWbGbSGGGSGo···q·GS··W·b··c·SS·pb·p·GGpGSGGG··GGoG···pp·····p·s·G·pGpp·····po·u·WS·Gsp······G·GGGGGGGGGGGGSGSSGWbqGsGsSSSSsssps·GGsSSbbsGb············b··GG····G·······ScSGGGS·s···GpGG·GGGpSGGps·p························p············GGGGGSGS·sGGGsoW·b··G········so··o············SbpSsGSSWSpSGSW
SGSppb·pobWGp·bbS·SuWbb······G·SsGssbS·pbGp····GoGSGoG·sGpsS·······bb·SGs·GGppb··GoGGsb·SpG············GGGGGGGGb·G·GSSbSSGSbSSSGSSSGSbGSSSGbGGbb··········p·GGS·p·o····o·····S·Sb·SbpG·GS··bpSppSsGSSobspbo···GG······GGGs······GGGs··ps·············Gpp·GG···pp······G···SGp·b··Go········ssSGWSSWGSGGGSSSS
SpGsbG·Sp····b·····GGpGb··pspSG····pbGGG···SpSGGGpGGSGbb·SSoG····b····GopGSbp·p·o···SSGGsGSpbG·················o·S·WpWSSGbSWSSGSbSSSdWSGSbGSS·bs·G········op·S··G·······c···sSesS·bp·b····pppsGsSsSGGSbpSS·c·········GG······p···GG·GGGo··············b·oc····GsSSGGG·G··SbG··GGGGS······SWbGGsSSGSGbGSSSsSS
··GGGSGGSpp·······G·Wb····p·······p····G·p··GpGGGGGGSpoGp··S······p·········GGbG·b··GGoSp·GGbS····················WSSGSSbSbSSGSSbWWWSbSWSsWGWWSbG·SG·Gp···sGGspGGpSp···········o·sp··b···bG·RGGGGSGGGSGSSSSSpp········bbs···GG·opSs···Gb··s···opp··········sbpb·GGGGpSp·····SoS··p·······oS··SGppSGGSSSSSSbS
·····u···Gcp·qop······p··················G··GGSGGGGSGG·o·····u······ss···G··SGGSpG···bSb···········oG····p····bGS·b·SSSbSWSSSSGSSSSWSbSSSbSSebdsSGGsS·os·bSGSSGSSSSs·····So······b·s····oGGSGGpbbpSsGbGGSSbS······o·G········pG·SpS·GS·····p··bGSpsppp··S······ssGGGSpSpSs·GS··G············GSGGGSbWbsSSbSWW
···ps···Gp·GS·WS··SSsWW···········o····p·SSsGGGGGSpbsSSS····G·····SWG···G·sppGGp········b·b····················SG·GGGSSRWSSSSGGWSSbbbWSSWG·WGS·e··GGGGSG·ppSbpGSSGsGpSppob········WWp····GGSbSG··SSGGWb··bbpS·······GpsGG·G··pGGGGGG·GGb·SssGspSGGG···p·p··b···bs····oSSpp·G··c··········sb·GGGpSpSbGWSsdbSb
bsb·Gp··pps···c··S····G····uG··os········GSGSGSSpSspGG·Gs··o·······WWS···S·b···b·G··oWG··WSW·············sqGGpWGSGSWbSSSWSSSWWSSSGSSSSWWWGpGppSbb·spsG·SGGS·WSpGb·b··sS············WSbso····uoGSb·Sp····WW······c··o·····GspGG·G·GG···SGG·o··SpSpSGSGGSSSGG··GsSspppGp·GGGGG·GG·G·······p······GGGSSSGbGSdbG
·bbsS········b····p······GpdG······b·opp·GGSGSSSGSGSSSGGGs·p·······sSb···········ss··bS··p············b·SGGbSpbSGpSSpWSSSSWSWbSSGSSGSWbSpSGSspWW·b·WSpsSG··GWSG·Gsp····S··p········Wb·b·····b·SSGsG·Gp·SSS··GGGoo··············G·GGSG·····GGG·GSGSGGSsSSSWSGGGSGSSpSGob·G··opo········Gp·sGbSSGGGsSGSSSbSGbG
·····pG··············p··o·······p···G·pGSsSSSGGGGpGGSSGGGoGG·G··p·S····p··p···s····················Gp·pSSGGGbSSGSbWSWSGSGSSSSWGSGGSSSWSSSGGSSRbGsSWWspGpGGppSGSG·pG··GSppGS········bpd·b···SS·sSS·bsWSdGGGGG··········GSp···p··G··G··p·····S·G·SSSGGGSSSSSGpGGGGGGGGGpppGp·op···········WuSSSGG·SWbGWGWRSpbG
·····su··b·o········so····Wp·SGpG··GGsoGSSSGSSSSGGGGSSGGSSGGpG···pb···························bGSW·p·GSppppsSpSbbbSSGSGSbGSbSSSWSSSGGGSSGSsSSSbbSpSSpSGSSsSGSSGpsG··SGb······G··············b·GW··o·GGG···o·········WWssSGGSSWW······G·WG······SGGSSSSSSSSSSSSSGGSSSSSSGSpG·········Gs·Sb·GbGSb·bS·bGpbWp·WG
·S·GG···psG···u··bSSosGGGGGppGdsGGG·SdGSSSSGSSSSSSbSSSGSSSSGSpSSpSpG··················o·······SSb·pGGGpSSsbSbGGGSGGSbSSSSWSSSSWSSSSSGGsGSSSSGbbbG··GSGGSGSSSGGbGbGGG····SbG······GS·sc·····G·o·S·G·o·G·c·········ssWSSWG·GbG·bB····op···G····SGSSGGGSSbGSGSbSSSSGGpGGGGbSGG·············Sb··GGSGW·GpG··S·pGs
sp·GSSbpGG·SSSS·SGSGpGGGsSGooGbSGG·GsSSSSSSpSSSSSSSSSSSSSSSSSSSbSSGGpp··op·p·······s··sGWpWpsGGSSSGGsGG·S··WSWbSWGbSSSSWSSSSSSSbRWSSbbWSSSGbSSGSGGbSSSSGSSSSGGSpG·GSs··GGG····G·ppp···Gp····Woo··o··o··G·G·····sSSpSbbb·GGSGSSSWSs···p······GGGGGGGGSGSSSSSSSSSGSSSSGbGpSSGp··········ps·SGGGSSbGS·G·bb·s···
SpSGppGGGGSGSb··GGGSSGSGSGpG·pGWGGSGGGSGSGGSSb··ppB·WSWSSSWbSSSSSSSWWpGsGGGsppWG···sGpSGGWWSpGSGSGbG·GpSGbSSSSGSGSSSSGGSbSSSSbWSGSSSGSSSWSbSWG····SSbpSSpGGGSWGGSpGG·GSGp··o·G·SG··Gb·p··b·pGG···GGoo·········G·GWSppSGGGSSSGppGSsGSS··c····GGGGGGGSSSSSSSSSSSGSSSSSSSGGSGbGb···········WWGbsGWG·bbWS·G··sbG
SGSGGSpSGSSSSGbp·GGGGGbGspSsppSGbsGGGSSGSSSSSSb·SSSp···sSb·b··W·B·sWWWW···Wb·GWG·····b·Sp··WSSSpGGSGsSbp·SSRGGGSSSSSGSSSSSSbSbSbbSSWSSSGWGGGRs···SGGGGGSGSGGGSpcGGbSGGGGp·qGGG·G··b·o··Gb·····s···ooG·G·p···c··SSSpSSGSSGbspGsWGSbbSSSpSSGpsSGpGGGGGGSSGbSSSSSSSSSSSSbGGSGGGGG···o···p···GRW·bb···S·p·G·SWpS
SSSSGbSSSGGGGSGSSSGGpG···ppGGGGGSGSGSSSSSSSSSWbSsWWpWSSGb·db·WS·epGbb·deSbbSpGbSSsGdSp·bs·bRSSGpGG··pSpSbGGGSGbGSGWsGSSbWSGSGSSSGWGGGSSGb··oGSGsGGGSGGGGGb·Gb···sGdGGGGGGSGGG·copG··b·····ob··G·G·········SSdsSWGWSbSSSSSSbWSSSSSGSSpSGsbSbp···G··GGGGGSSGSSWSSSSSSSSSSGGSGGGGpG·G·····p··p····S········G·sp
GGbGSWGbSpSSSGSSSSSGGpSSGbSSpGGSSSSSSSWbSSSSSWW·bSb···B·WeeseeeeeeeeeeeeeeeeseeeeeeeseeseeSSpGGG·G·o·GWG··SSbGpSGS·SSGGSSGSbGSSGSSSGSdSWqSWS·····GGSGSGGb··ppSGGGGSGGGGGSSG·G·bWGb···G·WG··b··SpG········GGSSSbGSGsSbSSSGSSSWWSSSbSSGSpSSSbWp···GpSWSSSSSSSSSSSSSSbSSSSSGSpSGSGG··········p·b·····SS··s·····
GSGGSSGSSGSSSSSbSSSGSGbGSG·G·GSGSSSSSSSSGSSSWS·b·bS··SWW··b·WW·Sb··S·sWWWWb·SWW·R··W··bc··GGSGb······GSo·GG·GGSSGpbWSSSSpbGSbSGGSSbSGGbbbSSd··Bb·GpSSb··RG·GpSS·GpSGGGGpb·······p··pSp··ps····Gs·oG·····SSs·pGpGSSSGpbpSGSSSdGbGSbWSSWSSSbGb···GGGSGSGbbGGSSbGSSSSSGSSSSSSGSSGGG··po············u·······GS·G
GbGGSSSSSSSbSSSWSSSSSSSpGGSGSSSSSWSSSSSSSSSSSSSWWWW·WWWb·qbSSqRbpScbGpbb·WbWSbbdSbBWsdpSSbb·Gb····S··G·G·b·oGoGSsGSSSGWSSSSSSbSSGSSbbSSGSGbedSbSGSG·GWb·GGb·pSsppSpGGGpGSc······pc··G········b··G·····p·c·s·GWS·sSSSSSbRSGbGGGGGSSSSSWSSSG·S····GGSSSSSpSGSGSGGSSpSGGGpSGSSGSGGGp·S···c··················GsS
SSSSSSSSSb·bbWWb·bBb·WSSSSSSSSSSSSSSSSSWSSSSSSSSSSWWWWWWWSWSSSWSSbSGGGGSGGGGGGWWbWWWWWWWWGGGGGGGG·····bSSGsSGGSGpSSWWWWWWWWWWWWWSbGSSSSSSSbpWSpGSbSG·GGSbp···bSpSSSSSSSpsbo······b···ppS······Go···········ssGSGGGSGGbGGSSGSSGSWGSSWWbGGW······G·GGGGGGGbGGGGSbWWSsGSGSGSSSGSGGpGS·S·o·oo··p·············uSG
GSSSSSbSWbp··sGpspS····SSSSSSSb···pBWR···WSSSSSWSWSSSSSSSSSSSSWWSSSGpSbSSGGWuW·BespppeGB·S·GGp·oS·o·W·sqs·SSSSsSSbSSGW··GsSpp·SpSSSSSSbpGSGSGbSGbSpGSbSpWG··SSSSSGbsGSGGbGpG·sS·b·s···oG················S··GSW·GGbbSGGbSSGSSGSSSbbSS·········GGGsSbGSGbGGSbSsbpGSGbSSSSGbGb·GGSS·Gbp·GGGo··osG··········poG·
SSSSSbbSSb··SSSWSWb··s·WbbWWbbG··bSWWbbRp·bWbbbbbS·bGSRb·bWWb·Gb·b··WbWbSGbW··bsSSGb·SSspsW··BBB··SSp·dsqbWbW···GRSSb···SSSbb·dSWGSSSSWGGbGWSGSSbSbSSSGSSWWbSSSbbSbGSSpGbGSSSWSGbsGS····················b·RSSGGGGSGSbbSGbSSGSbbbSSRp····GSpsb·uSSGbGGW·SGGSSWSbGSSSSWWp·Sp··SSGGSpGGGpb··spp······o··GGGS··S
SSbSbSSSWb·····bWupops··sSspp·b··pS··ssSSS···p·GsWbb··b·GSpb·S·b·b··bbsSWp···SSSGb··WWW··bb·SssGp····SsSSbb····W··SSS···SSSbb·dSSSSSbWSSWGSGSpGGSSSGSSSSSSSSSSSSSGWpSSSGSSbbSGSWGppBb·p·o·····o···p···WSbpS·GGGSSbGbSWSGSbbSGb····b···sG··Sc·GpqGpGG·SpSpGWGGSpGpSbSpGSGbS···GbGSspppGsGSSGGGGSGGSGGGSSSGSbG
SbSSGSSSSb··ssWsGs····b··WWb·····bW··GRWW··s····Wbp·S·b····pSSbpesSGS··SWbb··cGGb··spbp······Wbp····p··bb····WSWb··Sb···SSSbb·pSSSSSSSSSbSGSbSSSbSSSGSSSSWGSWWSSSRSSSbSGppGpSSSWspb·RpSp·sp·········SG····S··SGsSG·bSSGGSSGbb·p··u·······p·bsS··SpGWSppGSSGSbGSSpbWpbSSSSbGGpGGSSSSSSSSSSSSSpppGGSGSSGSSSSSp
SSbSSSSSS···pRSSWbb·dqWbppRbbpbBGbpsSbpppsSSSSWppSbbS·bpSSpsp··GpsppSSSSGG·p·Rp·GSGGbub···Gp··pS····Gp··osppppp·pSSSS···RSWbb··SSbSSbGSGSspSSpWSSsSSGSSSSSSGSSSSSbbbSbbGSsGSsSGSSSSSGpSGp·ps····Go·o·G··W·u··Gpdb··SGSSSSGbGWp·········p··bGpps·bWW·GWWpbGWbGSGSSSSWSSWSb··GSbSSSSSSSSSSSbGsSSbGSbGSGGGSGSSS
SSSbSGSGb··p··ppSssbsSSSSSSWSWWSWSWSWWSSbSSSSSSSSSSSSSSbSGbSSSSSSSWSSWSSSWSWGpsb···bB··pSpS·pG··············G··GGSSSpGeeGGGSeeG·SbSSSWbbGbSSSRWbSGSSbSSSSSbSGSSWGSGSSbSSSSSGSSSbGpSsSGbSGSGGsSpps·······GSb··Gbpo·····Gbcb·GbWp·q·······ub···Sb···p··oSWbSSSSWSSSsWbWSSGbSWSSSbSSbSbbWbSpSSSSGSGSSSSSGSbGSSS
GbGGSSSSSWSSWSSSSSSWSSSSSWSWSSSSSSSSSSSWSSWSSWWSSbSb·WWSWWSWSSSWWWbb··S·WWWWWWWWWWSSSGbbWGWGGsSSSp··············p·WWWGWSGGSSSSSbbSSSSGSSSSSWWSSSGbSSSSGSbSWWSbWGWGbSWbSSSSSSSSbGSGSGbSbGbGSGSbbSGb·········sp·s·bW······ps·p··SSp··········sp·uS··WWpWWSbGSGbGGbSWGSSSGbpSSSSSSGGSSSSSGSSSSSSSSSbSSSSSSSSGSS
GSSGGGGGSSSSSSbSSSSSSSSSSSSSSSSSSSSWSSbSGGbWbp··p··pbb·c········Gp······Sb··uppppppppoppppppu·Wbp·················du·GSsSSGSSSGGpsbGGSGWGSWGSsWbGSWSSWbSSsSSWWWSSbSSSWWWSSWSSSSbGSSWGSSGGWGSSSWGbs··············pc·s·p··pS···············cos·GcGc·p·bSGGGSSbGbG·GbGGGbb·bSSSGGSGGSSSSSSGSbSSbSbSSSSWSSSSSGSS
SSsGWGsGbSGbSSSbSSSSSWSSSSWSSSSSbbSSSWSGbbp·ppqpp·epBbpGBpS·pB·pSS·GSGpRSp·ss·s··b·S·uBu·Bssps··Sp··b················GGGGSbSSGSb·SGSSpSbSbSWGSGSGGSWSSSSSSGSWbSWSWSGSbSSSSWbWSWSSSWbWbbSSSSSSSGWbp···········c···S·o·p·····oo·······opGb···Gb·····RSSSGSSSWSbGqGGspsSSGb····GGGWbSWbSpSGGSSSSbSbSSSSSSbSSWSS
SGGppGsSGSbSSSSSSSSSSSSbSSSWSbSSSGSGbSbSSSsSSpbSWWWW·WWWWWWWSbb··SGGSSSS··bbSSSWWWWWWWWWWWbGsSSSbGb··c··················GWGSSSSSGSSSbSSSGsSSSsSpSGSWSSbGWSGpWbSSSSWSWWGSWSWSWSSSbbSdSSSSSWGSSSSSWGG······p·So·ppo··G··············s··oS·Go····W·WppSbSGSSWSSWSSSbGSGsbWWWp····GG·GGGbGGGSSSpSSbSWSSSSSSSSSWS
GGSSSGGGGSGSbSSSbSSSbSWSSbSbSSbbSbGbb·GSG·S·WWbSSSWSpsSWWWSSSGbppp·SWWuepppSsssSSSSSSSSSSSWSSbGbSWb·····················sS····GSSGGGSpSSSGGSSWSSSSSSSSSSGbbSSSSSbWSSbSWSSSSSSSWWSSSWWWSSSSSbSSbbSbbp·····GbpGGsGGG·p·GGpGGSsSsppp·op··b···G···SSdSSsWSSSSWWSSGGsbGSGbS·SSb···GGG·SSpGGpGGGGGGGSSSSSWSSSSSSSS
SGGSSGGSGbSSbSSSSGSSSWSSWSSSSSSsSGpGsbW·bo···peSGSbSWSSWSSbSbSbGSSSWSSSSSSSGSbSSGSbGbGbSSbSGSSGbG·b···o·············uG···spsGpsbSSSqWSSSSSSSSSSSWSSSWWSSWSbWbSbSbSWSSSbbSSSSSSSWSbbSSSGbbSbbWSSSWp··W··sp·GSSpSSSsSSSGSSSGGSGGGGGpsGp·G······S·WSGSSSSbSbSGSWsWbSSSbGSbRb·SpSpSbSW·GGSSGGSSSSSSSSbSSSSSWbSSS
GGpGSsbGSSSSSSSWbSSSSSSSSSSSbSSGGSGGG·bS···usS··RGsbSSWbWGSSGbSSbSbSSSSSSSSWSbSSSGGGSGGGSSSGSSGSGGG···················s·pSoSSbbSbSbSGGSSSSbbGspGpSGSWSWSSSSWbWSSWWSWSSSSSbWWSSWSSSSSsGsWWGSSsSSWSSbSsGGGGSSSSSSSSSSSbSSSSSSSSSGGGbGGGbSqpp··GSSSbSSWSWSSSsSSSbWGSSSGSSSWSeSpSSSGSSSbpssSSGGSsWSSSSSSSbSSSWWW
GGSSGSWGSGGSSSSSSSSSSSSbSSSSSSWWSGSSbSpGS···csSpSsbSsbSGSSbGSSGGSbSSSWbSSSpSSGSSSSSGGSSGGGSSGSSbGGppGp··········o····S···b·sWWGGSbGSWbSSWSGSbSSSSGWSWWSbbWWSWSSSSSbWSSGWGWGSbWWSSSSGsSSWSSSSGSSSSSGSSSSpSSSbGSGSSSSSSSSSSSSSSSGGGG·WSpG·GSWWGbSSbGSSGSSSWSWSWbSSbsSGSSSSWWSGSGSpSSSSbsSGSSWGSWSSGSSGSSbSbWSS
GGsWpGsGGSSSSSGWWSSSSbSSbSWSbWSSGWSb·p··peGsSb·pbWbSsSSGSSGSSSSSSSSWSSSbSSSWSSSSSSSbbSSSSSSGSSSGGSG·oo···s·o·o·p···o·upG·GSpSSSGppSspbbGSSSSbWSSSWSSSSbRSSSbWWWSWGSSSSSSSbSSSSWWSWWSSSSSSSSWSSSWSSSSSSSSSSSWSSSWSSSSSSSSSSGSSSGGGG·GspsSSsGGGSbGbsGSSSSWSSSSGpSGGGbGGSGSWSSWbGsbWWSSSGSpbSSWSSSSSSSSSWSSbSWG
WWWWWWWWWWWWWWWWWWWWWWWWWWWWWWWWWWWWWWWWWWWWWWWWWWWWWWWWWWWWWWWWWWWWWWWWWWWWWWWWWWWWWWWWWWWWWWWWWWWWWWWWWWWWWWWWWWWWWWWWWWWWWWWWWWWWWWWWWWWWWWWWWWWWWWWWWWWWWWWWWWWWWWWWWWWWWWWWWWWWWWWWWWWWWWWWWWWWWWWWWWWWWWWWWWWWWWWWWWWWWWWWWWWWWWWWWWWWWWWWWWWWWWWWWWWWWWWWWWWWWWWWWWWWWWWWWWWWWWWWWWWWWWWWWWWWWWWWWWWW
············································································································································································································································································································